{
  "id": "78651",
  "name": "Apple MacBook Air",
  "price": "1441 грн",
  "diagonal": "13.3\"",
  "processor": "Intel Core i3 (1.1 - 3.2 GHz)",
  "screen resolution": "2560x1600"
}
